 HyprDynamicMonitors [v. test-version]                                                                                                                Fullscreen
╭──────────────────────────────────────────────────────────────────────────────────────────────────────────────────────────────────────────────────────────────╮
│Monitor Preview                                                                                                             Virtual Area: 8000x8000 | Snapping│
│·   ·   ·   ·   ·   ·   ·   ·   ·   ·   ·   ·   ·   ·   ·   ·   ·   ·   ·   ·   ·   ·   ·   ·   ·   ·   ·   ·   ·   ·   ·   ·   ·   ·   ·   ·   ·   ·   ·     │
│                                                                                                                                                              │
│·   ·   ·   ·   ·   ·   ·   ·   ·   ·   ·   ·   ·   ·   ·   ·   ·   ·   ·   ·   ·   ·   ·   ·   ·   ·   ·   ·   ·   ·   ·   ·   ·   ·   ·   ·   ·   ·   ·     │
│                                                                                                                                                              │
│·   ·   ·   ·   ·   ·   ·   ·   ·   ·   ·   ·   ·   ·   ·   ·   ·   ·   ·   ·   ·   ·   ·   ·   ·   ·   ·   ·   ·   ·   ·   ·   ·   ·   ·   ·   ·   ·   ·     │
│                                                                                                                                                              │
│·   ·   ·   ·   ·   ·   ·   ·   ·   ·   ·   ·   ·   ·   ·   ·   ·   ·   ·   ·   ·   ·   ·   ·   ·   ·   ·   ·   ·   ·   ·   ·   ·   ·   ·   ·   ·   ·   ·     │
│                                                                                                                                                              │
│·   ·   ·   ·   ·   ·   ·   ·   ·   ·   ·   ·   ·   ·   ·   ·   ·   ·   ·   ·   ·   ·   ·   ·   ·   ·   ·   ·   ·   ·   ·   ·   ·   ·   ·   ·   ·   ·   ·     │
│                                                                                                                                                              │
│·   ·   ·   ·   ·   ·   ·   ·   ·   ·   ·   ·   ·   ·   ·   ·   ·   ·   ·   ·   ·   ·   ·   ·   ·   ·   ·   ·   ·   ·   ·   ·   ·   ·   ·   ·   ·   ·   ·     │
│                                                                                                                                                              │
│·   ·   ·   ·   ·   ·   ·   ·   ·   ·   ·   ·   ·   ·   ·   ·   ·   ·   ·   ·   ·   ·   ·   ·   ·   ·   ·   ·   ·   ·   ·   ·   ·   ·   ·   ·   ·   ·   ·     │
│                                                                                                                                                              │
│·   ·   ·   ·   ·   ·   ·   ·   ·   ·   ·   ·   ·   ·   ·   ·   ·   ·   ·   ·   ·   ·   ·   ·   ·   ·   ·   ·   ·   ·   ·   ·   ·   ·   ·   ·   ·   ·   ·     │
│                                                                                                                                                              │
│·   ·   ·   ·   ·   ·   ·   ·   ·   ·   ·   ·   ·   ·   ·   ·   ·   ·   ·   ·   ·   ·   ·   ·   ·   ·   ·   ·   ·   ·   ·   ·   ·   ·   ·   ·   ·   ·   ·     │
│                                                                             ▀▄▄▄▄▄▄▄▄▄▄▄▄▄▄▄▄▄▄▄▄▄▄▄▄▄▄▄▄▄▄▄▄▄▄▄▄▄▄▄▄▄▄▄▄▄▄▄▄▄▄▄▄▄▄▄▄▄▄▀                     │
│·   ·   ·   ·   ·   ·   ·   ·   ·   ·   ·   ·   ·   ·   ·   ·   ·   ·   ·   ·████████████████████████████████████████████████████████████   ·   ·   ·   ·     │
│                                                                             ████████████████████████████████████████████████████████████                     │
│·   ·   ·   ·   ·   ·   ·   ·   ·   ·   ·   ·   ·   ·   ·   ·   ·   ·   ·   ·████████████████████████████████████████████████████████████   ·   ·   ·   ·     │
│                                                                             ████████████████████████████████████████████████████████████             ▀▄▄▀    │
│·   ·   ·   ·   ·   ·   ·   ·   ·   ·   ·   ·   ·   ·   ·   ·   ·   ·   ·   ·████████████████████████████████████████████████████████████   ·   ·   · ████    │
│                                                                             ████████████████████████████████████████████████████████████             ████    │
│·   ·   ·   ·   ·   ·   ·   ·   ·   ·   ·   ·   ·   ·   ·   ·   ·   ·   ·   ·██████████████████████████DP-1↑█████████████████████████████   ·   ·   · ████    │
│                                                                             ████████████████████████████████████████████████████████████             ████    │
│·   ·   ·   ·   ·   ·   ·   ·   ·   ·   ·   ·   ·   ·   ·   ·   ·   ·   ·   ·████████████████████████████████████████████████████████████▄▄▄▀   ·   · ████    │
│                                                                             ████████████████████████████████████████████████████████████████         ████    │
│·   ·   ·   ·   ·   ·   ·   ·   ·   ·   ·   ·   ·   ·   ·   ·   ·   ·   ·   ·████████████████████████████████████████████████████████████████   ·   · ████    │
│                                                                             ████████████████████████████████████████████████████████████████         ████    │
│·   ·   ·   ·   ·   ·   ·   ·   ·   ·   ·   ·   ·   ·   ·   ·   ·   ·   ·   ·████████████████████████████████████████████████████████████████   ·   · ▄▀▀▄    │
│                                                                             ▄▀▀▀▀▀▀▀▀▀▀▀▀▀▀▀▀▀▀▀▀▀▀▀▀▀▀▀▀▀▀▀▀▀▀▀▀▀▀▀▀▀▀▀▀▀▀▀▀▀▀▀▀▀▀▀▀▀▀▄████                 │
│·   ·   ·   ·   ·   ·   ·   ·   ·   ·   ·   ·   ·   ·   ·   ·   ·   ·   ·   ·   ·   ·   ·   ·   ·   ·   ·   ·   ·████████████████████████████   ·   ·   ·     │
│                                                                                                                 ▄▀▀▀▀▀▀▀▀▀▀▀▀▀▀▀▀▀▀▀▀▀▀▀▀▀▀▄                 │
│██ eDP-1 - 2880x1920@120.00000, Position: 1920,1080, Scale: 2.00, Rotation: 0°                                                                                │
│██ DP-1 - 3840x2160@60.00000, Position: 0,0, Scale: 1.25, Rotation: 0°                                                                                        │
│██ DP-2 - 1920x1080@60.00000, Position: 3840,540, Scale: 1.00, Rotation: 0°                                                                                   │
│██ HEADLESS-1 - 1920x1080@60.00000, Position: 5760,0, Scale: 1.00, Rotation: 0°                                                                               │
╰──────────────────────────────────────────────────────────────────────────────────────────────────────────────────────────────────────────────────────────────╯
  p pan (move freely on the grid) • F fullscreen the preview • o follow monitor • c moves the grid to 0, 0 • + zoom in • - zoom out • S toggle snapping • A     
  apply (ephemeral) • H expand/collapse hypr preview • R reset zoom                                                                                             
                                                                                                                                                                