 HyprDynamicMonitors [v. test-version]  Monitors  Profile                                                                                Reload Profile: success
╭───────────────────────────────────────────────────╮╭────────────────────────────────────────────────────────────────────────────────────────────────────────╮ 
│HyprDynamicMonitors Profile                        ││Profile Config Preview (template)                                                                       │ 
│                                                   ││file                                                                                                    │ 
│Profile: one                                       ││                                                                                                        │ 
│                                                   ││┃   1                                                                                                   │ 
│⚠ Monitor Count Mismatch                           ││┃                                                                                                       │ 
│Expected: 1 monitors, Connected: 2                 ││┃                                                                                                       │ 
│Consider creating a new profile (press 'n')        ││┃                                                                                                       │ 
│                                                   ││┃                                                                                                       │ 
│Profile Details                                    ││┃                                                                                                       │ 
│Config File: file                                  ││┃                                                                                                       │ 
│Config Type: template                              ││┃                                                                                                       │ 
│Required Monitors:                                 ││┃                                                                                                       │ 
│  • Desc: BOE NE135A1M-NY1                         ││┃                                                                                                       │ 
│                                                   ││┃                                                                                                       │ 
│                                                   ││┃                                                                                                       │ 
│                                                   ││┃                                                                                                       │ 
│                                                   ││┃                                                                                                       │ 
│                                                   ││┃                                                                                                       │ 
│                                                   ││┃                                                                                                       │ 
│                                                   │╰────────────────────────────────────────────────────────────────────────────────────────────────────────╯ 
│                                                   │╭────────────────────────────────────────────────────────────────────────────────────────────────────────╮ 
│                                                   ││Generated hypr config preview                                                                           │ 
│                                                   ││target.conf                                                                                             │ 
│                                                   ││                                                                                                        │ 
│                                                   ││Are you running the daemon?                                                                             │ 
│                                                   ││See: https://hyprdynamicmonitors.filipmikina.com/docs/quickstart/setup-approaches                       │ 
│                                                   ││                                                                                                        │ 
│                                                   ││Alternatively, run the generation once: `hyprdynamicmonitors run --run-once`                            │ 
│                                                   ││                                                                                                        │ 
│                                                   ││                                                                                                        │ 
│                                                   ││                                                                                                        │ 
│                                                   ││                                                                                                        │ 
│                                                   ││                                                                                                        │ 
│                                                   ││                                                                                                        │ 
│                                                   ││                                                                                                        │ 
│                                                   ││                                                                                                        │ 
│                                                   ││                                                                                                        │ 
│  n new profile • a apply monitors to existing     ││                                                                                                        │ 
│  profile • e edit manually • R render profile to  ││                                                                                                        │ 
│  config.general.destination                       ││                                                                                                        │ 
╰───────────────────────────────────────────────────╯╰────────────────────────────────────────────────────────────────────────────────────────────────────────╯ 
  tab switch view • C edit HyprDynamicMonitors config • E edit hypr generated config (ephemeral)                                                                
                                                                                                                                                                