 HyprDynamicMonitors [v. test-version]  Monitors  Profile                                                                                                Panning
╭───────────────────────────────────────────────────╮╭────────────────────────────────────────────────────────────────────────────────────────────────────────╮ 
│Connected Monitors                                 ││Monitor Preview                                 Virtual Area: 8000x8000 | Center: (3800,1000) | Snapping│ 
│                                                   ││·   ·   ·   ·   ·   ·   ·   ·   ·   ·   ·   ·   ·   ·   ·   ·   ·   ·   ·   ·   ·   ·   ·   ·   ·       │ 
│► eDP-1 (BOE NE135A1M-NY...)                       ││                                                                                                        │ 
│Active                                             ││·   ·   ·   ·   ·   ·   ·   ·   ·   ·   ·   ·   ·   ·   ·   ·   ·   ·   ·   ·   ·   ·   ·   ·   ·       │ 
│Mode: 2880x1920@120.00Hz                           ││                                                                                                        │ 
│Scale: 2.00                                        ││·   ·   ·   ·   ·   ·   ·   ·   ·   ·   ·   ·   ·   ·   ·   ·   ·   ·   ·   ·   ·   ·   ·   ·   ·       │ 
│VRR: On                                            ││                                                                                                        │ 
│Rotation: 0°                                       ││·   ·   ·   ·   ·   ·   ·   ·   ·   ·   ·   ·   ·   ·   ·   ·   ·   ·   ·   ·   ·   ·   ·   ·   ·       │ 
│Position: 1920,1080                                ││   ▀▄▄▄▄▄▄▄▄▄▄▄▄▄▄▄▄▄▄▄▄▄▄▄▄▄▄▄▄▄▄▄▄▄▄▄▄▄▀                                ▀▄▄▄▄▄▄▄▄▄▄▄▄▄▄▄▄▄▄▄▄▄▄▄▀     │ 
│Mirror: none                                       ││·  ███████████████████████████████████████  ·   ·   ·   ·   ·   ·   ·   · █████████████████████████     │ 
│                                                   ││   ███████████████████████████████████████                                █████████████████████████     │ 
│DP-1 (Dell Inc. DELL ...)                          ││·  ███████████████████████████████████████  ·   ·   ·   ·   ·   ·   ·   · ████████HEADLE↑██████████     │ 
│Active                                             ││   ███████████████████████████████████████        ▀▄▄▄▄▄▄▄▄▄▄▄▄▄▄▄▄▄▄▄▄▄▄▄█████████████████████████     │ 
│Mode: 3840x2160@60.00Hz                            ││·  ████████████████DP-1↑██████████████████  ·   · █████████████████████████████████████████████████     │ 
│Scale: 1.25                                        ││   ███████████████████████████████████████▄▄▄▀    █████████████████████████████████████████████████     │ 
│VRR: Off                                           ││·  ███████████████████████████████████████████  · █████████DP-2↑██████████▄▀▀▀▀▀▀▀▀▀▀▀▀▀▀▀▀▀▀▀▀▀▀▀▄     │ 
│Rotation: 0°                                       ││   ███████████████████████████████████████████    █████████████████████████                             │ 
│Position: 0,0                                      ││·  ███████████████████████████████████████████  · █████████████████████████ ·   ·   ·   ·   ·   ·       │ 
│Mirror: none                                       ││   ███████████████████████████████████████████    █████████████████████████                             │ 
│                                                   ││·  ▄▀▀▀▀▀▀▀▀▀▀▀▀▀▀▀▀▀▀▀▀▀▀▀▀▀▀▀▀▀▀▀▀▀▀▀▀▀▄████  · ▄▀▀▀▀▀▀▀▀▀▀▀▀▀▀▀▀▀▀▀▀▀▀▀▄ ·   ·   ·   ·   ·   ·       │ 
│DP-2 (Samsung Electri...)                          ││                           ▄▀▀▀▀▀▀▀▀▀▀▀▀▀▀▀▀▀▄                                                          │ 
│Active                                             ││·   ·   ·   ·   ·   ·   ·   ·   ·   ·   ·   ·   ·   ·   ·   ·   ·   ·   ·   ·   ·   ·   ·   ·   ·       │ 
│Mode: 1920x1080@60.00Hz                            ││                                                                                                        │ 
│Scale: 1.00                                        ││·   ·   ·   ·   ·   ·   ·   ·   ·   ·   ·   ·   ·   ·   ·   ·   ·   ·   ·   ·   ·   ·   ·   ·   ·       │ 
│VRR: Off                                           ││                                                                                                        │ 
│Rotation: 0°                                       ││·   ·   ·   ·   ·   ·   ·   ·   ·   ·   ·   ·   ·   ·   ·   ·   ·   ·   ·   ·   ·   ·   ·   ·   ·       │ 
│Position: 3840,540                                 ││                                                                                                        │ 
│Mirror: none                                       ││██ eDP-1 - 2880x1920@120.00000, Position: 1920,1080, Scale: 2.00, Rotation: 0°                          │ 
│                                                   ││██ DP-1 - 3840x2160@60.00000, Position: 0,0, Scale: 1.25, Rotation: 0°                                  │ 
│                                                   ││██ DP-2 - 1920x1080@60.00000, Position: 3840,540, Scale: 1.00, Rotation: 0°                             │ 
│                                                   ││██ HEADLESS-1 - 1920x1080@60.00000, Position: 5760,0, Scale: 1.00, Rotation: 0°                         │ 
│                                                   │╰────────────────────────────────────────────────────────────────────────────────────────────────────────╯ 
│                                                   │╭────────────────────────────────────────────────────────────────────────────────────────────────────────╮ 
│                                                   ││Hyprland Config Preview                                                                                 │ 
│                                                   ││monitor = desc:BOE NE135A1M-NY1,2880x1920@120.00,1920x1080,2.00,transform,0,vrr,1                       │ 
│                                                   ││monitor = desc:Dell Inc. DELL U2723QE 5YNK3H3,3840x2160@60.00,0x0,1.25,transform,0                      │ 
│  ••                                               ││monitor = desc:Samsung Electric Company C27F390 HTHK500315,1920x1080@60.00,3840x540,1.00,transform,0    │ 
│  ←/h left • ↓/j down • ↑/k up • →/l right         ││monitor = desc:Headless Virtual Display,1920x1080@60.00,5760x0,1.00,transform,0                         │ 
│  enter edit a monitor                             ││                                                                                                        │ 
╰───────────────────────────────────────────────────╯╰────────────────────────────────────────────────────────────────────────────────────────────────────────╯ 
  tab switch view • p pan (move freely on the grid) • F fullscreen the preview • o follow monitor • c moves the grid to 0, 0 • + zoom in • - zoom out • S toggle
  snapping • A apply (ephemeral) • H expand/collapse hypr preview • R reset zoom                                                                                
                                                                                                                                                                