 HyprDynamicMonitors [v. dev]  Monitors  Profile
╭───────────────────────────────────────────────────╮╭────────────────────────────────────────────────────────────────────────────────────────────────────────╮
│Connected Monitors                                 ││Monitor Preview                                                       Virtual Area: 8000x8000 | Snapping│
│                                                   ││·   ·   ·   ·   ·   ·   ·   ·   ·   ·   ·   ·   ·   ·   ·   ·   ·   ·   ·   ·   ·   ·   ·   ·   ·       │
│► eDP-1 (BOE NE135A1M-NY...)                       ││                                                                                                        │
│Active                                             ││·   ·   ·   ·   ·   ·   ·   ·   ·   ·   ·   ·   ·   ·   ·   ·   ·   ·   ·   ·   ·   ·   ·   ·   ·       │
│Mode: 2880x1920@120.00Hz                           ││                                                                                                        │
│Scale: 2.00                                        ││·   ·   ·   ·   ·   ·   ·   ·   ·   ·   ·   ·   ·   ·   ·   ·   ·   ·   ·   ·   ·   ·   ·   ·   ·       │
│VRR: On                                            ││                                                                                                        │
│Rotation: 0°                                       ││·   ·   ·   ·   ·   ·   ·   ·   ·   ·   ·   ·   ·   ·   ·   ·   ·   ·   ·   ·   ·   ·   ·   ·   ·       │
│Position: 0,0                                      ││                                                                                                        │
│Mirror:                                            ││·   ·   ·   ·   ·   ·   ·   ·   ·   ·   ·   ·   ·   ·   ·   ·   ·   ·   ·   ·   ·   ·   ·   ·   ·       │
│                                                   ││                                                                                                        │
│DP-11 (LG Electronics ...)                         ││·   ·   ·   ·   ·   ·   ·   ·   ·   ·   ·   ·   ·   ·   ·   ·   ·   ·   ·   ·   ·   ·   ·   ·   ·       │
│Active                                             ││                                                                                                        │
│Mode: 2560x2880@59.97Hz                            ││·   ·   ·   ·   ·   ·   ·   ·   ·   ·   ·   ·   ·   ·   ·   ·   ·   ·   ·   ·   ·   ·   ·   ·   ·       │
│Scale: 1.60                                        ││                                                                                                        │
│VRR: Off                                           ││·   ·   ·   ·   ·   ·   ·   ▀▄▄▄▄▄▄▄▄▄▄▄▄▄▄▄▄▄▄▄▄▄▀▄▄▄▄▄▄▄▄▄▄▄▄▄▄▄▄▄▀   ·   ·   ·   ·   ·   ·   ·       │
│Rotation: 270°                                     ││                            █████████████████████████████████████████                                   │
│Position: -1800,0                                  ││·   ·   ·   ·   ·   ·   ·   █████████████████████████████████████████   ·   ·   ·   ·   ·   ·   ·       │
│Mirror:                                            ││                            ███████████████████████████eDP-1↑████████                                   │
│                                                   ││·   ·   ·   ·   ·   ·   ·   █████████████████████████████████████████   ·   ·   ·   ·   ·   ·   ·       │
│                                                   ││                            ███████DP-11←████████████████████████████                                   │
│                                                   ││·   ·   ·   ·   ·   ·   ·   ███████████████████████▀▀▀▀▀▀▀▀▀▀▀▀▀▀▀▀▀▄   ·   ·   ·   ·   ·   ·   ·       │
│                                                   ││                            ███████████████████████                                                     │
│                                                   ││·   ·   ·   ·   ·   ·   ·   ███████████████████████ ·   ·   ·   ·   ·   ·   ·   ·   ·   ·   ·   ·       │
│                                                   ││                            ███████████████████████                                                     │
│                                                   ││·   ·   ·   ·   ·   ·   ·   ███████████████████████ ·   ·   ·   ·   ·   ·   ·   ·   ·   ·   ·   ·       │
│                                                   ││                            ▄▀▀▀▀▀▀▀▀▀▀▀▀▀▀▀▀▀▀▀▀▀▄                                                     │
│                                                   ││·   ·   ·   ·   ·   ·   ·   ·   ·   ·   ·   ·   ·   ·   ·   ·   ·   ·   ·   ·   ·   ·   ·   ·   ·       │
│                                                   ││                                                                                                        │
│                                                   ││██ eDP-1 - 2880x1920@120.00000, Position: 0,0, Scale: 2.00, Rotation: 0°                                │
│                                                   ││██ DP-11 - 2560x2880@59.96700, Position: -1800,0, Scale: 1.60, Rotation: 270°                           │
│                                                   │╰────────────────────────────────────────────────────────────────────────────────────────────────────────╯
│                                                   │╭────────────────────────────────────────────────────────────────────────────────────────────────────────╮
│                                                   ││Hyprland Config Preview                                                                                 │
│                                                   ││monitor = desc:BOE NE135A1M-NY1,2880x1920@120.00,0x0,2.00,transform,0,vrr,1,mirror,                     │
│                                                   ││monitor = desc:LG Electronics LG SDQHD 301NTBKDU037,2560x2880@59.97,-1800x0,1.60,transform,3,mirror,    │
│                                                   ││                                                                                                        │
│  ←/h left • ↓/j down • ↑/k up • →/l right         ││                                                                                                        │
│  enter edit a monitor                             ││                                                                                                        │
╰───────────────────────────────────────────────────╯╰────────────────────────────────────────────────────────────────────────────────────────────────────────╯
  tab switch view • p pan (move freely on the grid) • F fullscreen the preview • o follow monitor • c moves the grid to 0, 0 • + zoom in • - zoom out • S toggle
  snapping • A apply (ephemeral) • H expand/collapse hypr preview • R reset zoom
